Resolving dependencies...
Downloading packages...
  _fe_analyzer_shared 85.0.0 (94.0.0 available)
  analyzer 7.6.0 (10.0.2 available)
  analyzer_plugin 0.13.4 (0.14.2 available)
  build 2.5.4 (4.0.4 available)
  build_config 1.1.2 (1.2.0 available)
  build_resolvers 2.5.4 (3.0.4 available)
  build_runner 2.5.4 (2.11.1 available)
  build_runner_core 9.1.2 (9.3.2 available)
  characters 1.4.0 (1.4.1 available)
  custom_lint_core 0.7.5 (0.8.2 available)
  custom_lint_visitor 1.0.0+7.7.0 (1.0.0+9.0.0 available)
  dart_style 3.1.1 (3.1.5 available)
  ffi 2.1.5 (2.2.0 available)
  fl_chart 0.69.2 (1.1.1 available)
  flutter_lints 5.0.0 (6.0.0 available)
  flutter_riverpod 2.6.1 (3.2.1 available)
  google_fonts 6.3.3 (8.0.1 available)
  hooks 1.0.0 (1.0.1 available)
  intl 0.19.0 (0.20.2 available)
  json_annotation 4.9.0 (4.10.0 available)
  json_serializable 6.9.5 (6.12.0 available)
  lints 5.1.1 (6.1.0 available)
  matcher 0.12.17 (0.12.18 available)
  material_color_utilities 0.11.1 (0.13.0 available)
  meta 1.17.0 (1.18.1 available)
  objective_c 9.2.4 (9.3.0 available)
  riverpod 2.6.1 (3.2.1 available)
  riverpod_annotation 2.6.1 (4.0.2 available)
  riverpod_generator 2.6.5 (4.0.3 available)
  source_gen 2.0.0 (4.2.0 available)
  source_helper 1.3.7 (1.3.10 available)
  source_span 1.10.1 (1.10.2 available)
  test_api 0.7.7 (0.7.9 available)
  url_launcher_ios 6.3.6 (6.4.1 available)
Got dependencies!
34 packages have newer versions incompatible with dependency constraints.
Try `flutter pub outdated` for more information.
00:00 +0: loading C:/src/Antigravity/BeanBase2.0/test/calculator_test.dart
00:00 +0: CalculatorScreen displays steps and allows save

Warning: A call to tap() with finder "Found 1 widget with text "Select Method": [
  Text("Select Method", dependencies: [DefaultSelectionStyle, DefaultTextStyle, MediaQuery]),
]" derived an Offset (Offset(121.0, 96.0)) that would not hit test on the specified widget.
Maybe the widget is actually off-screen, or another widget is obscuring it, or the widget cannot receive pointer events.
The finder corresponds to this RenderBox: RenderParagraph#d54d8 relayoutBoundary=up29
The hit test result at that offset is: HitTestResult(RenderPointerListener#aa96e@Offset(105.0, 24.0), RenderSemanticsAnnotations#5fd28@Offset(105.0, 24.0), RenderMouseRegion#b94f7@Offset(105.0, 24.0), RenderSemanticsAnnotations#cac62@Offset(105.0, 24.0), RenderSemanticsAnnotations#2398a@Offset(105.0, 24.0), RenderFlex#9dcd2@Offset(105.0, 24.0), RenderPadding#79f35@Offset(121.0, 40.0), _RenderSingleChildViewport#b32bc@Offset(121.0, 40.0), RenderIgnorePointer#de852@Offset(121.0, 40.0), RenderSemanticsAnnotations#4086d@Offset(121.0, 40.0), RenderPointerListener#4e9c6@Offset(121.0, 40.0), RenderSemanticsGestureHandler#d1904@Offset(121.0, 40.0), RenderPointerListener#4c313@Offset(121.0, 40.0), _RenderScrollSemantics#a9930@Offset(121.0, 40.0), RenderClipRect#dfd40@Offset(121.0, 40.0), RenderCustomMultiChildLayoutBox#61555@Offset(121.0, 96.0), _RenderInkFeatures#837b0@Offset(121.0, 96.0), RenderPhysicalModel#eea8b@Offset(121.0, 96.0), RenderSemanticsAnnotations#e70fb@Offset(121.0, 96.0), RenderRepaintBoundary#2587e@Offset(121.0, 96.0), RenderIgnorePointer#f2f03@Offset(121.0, 96.0), RenderAnimatedOpacity#64d13@Offset(121.0, 96.0), RenderAnimatedOpacity#0c2ce@Offset(121.0, 96.0), _RenderColoredBox#8a24b@Offset(121.0, 96.0), RenderAnimatedOpacity#da617@Offset(121.0, 96.0), RenderIgnorePointer#d7bdf@Offset(121.0, 96.0), RenderAnimatedOpacity#2fb8e@Offset(121.0, 96.0), RenderRepaintBoundary#163f4@Offset(121.0, 96.0), RenderSemanticsAnnotations#e0aee@Offset(121.0, 96.0), RenderOffstage#41635@Offset(121.0, 96.0), RenderSemanticsAnnotations#e7714@Offset(121.0, 96.0), _RenderTheater#22821@Offset(121.0, 96.0), RenderAbsorbPointer#ac091@Offset(121.0, 96.0), RenderPointerListener#f7525@Offset(121.0, 96.0), RenderSemanticsAnnotations#2871b@Offset(121.0, 96.0), RenderCustomPaint#ebe96@Offset(121.0, 96.0), RenderSemanticsAnnotations#68a06@Offset(121.0, 96.0), RenderSemanticsAnnotations#fcb5b@Offset(121.0, 96.0), RenderTapRegionSurface#30443@Offset(121.0, 96.0), RenderSemanticsAnnotations#26139@Offset(121.0, 96.0), RenderSemanticsAnnotations#b57b5@Offset(121.0, 96.0), RenderSemanticsAnnotations#9bd45@Offset(121.0, 96.0), HitTestEntry<HitTestTarget>#3c472(_ReusableRenderView#210c7), HitTestEntry<HitTestTarget>#e3cec(<AutomatedTestWidgetsFlutterBinding>))
#0      WidgetController._getElementPoint (package:flutter_test/src/controller.dart:2081:25)
#1      WidgetController.getCenter (package:flutter_test/src/controller.dart:1865:12)
#2      WidgetController.tap (package:flutter_test/src/controller.dart:1045:7)
#3      main.<anonymous closure> (file:///C:/src/Antigravity/BeanBase2.0/test/calculator_test.dart:51:18)
<asynchronous suspension>
#4      testWidgets.<anonymous closure>.<anonymous closure> (package:flutter_test/src/widget_tester.dart:192:15)
<asynchronous suspension>
#5      TestWidgetsFlutterBinding._runTestBody (package:flutter_test/src/binding.dart:1059:5)
<asynchronous suspension>
#6      StackZoneSpecification._registerCallback.<anonymous closure> (package:stack_trace/src/stack_zone_specification.dart:114:42)
<asynchronous suspension>
To silence this warning, pass "warnIfMissed: false" to "tap()".
To make this warning fatal, set WidgetController.hitTestWarningShouldBeFatal to true.

Found Add Step texts: 1
  - Text("Add Step", dependencies: [DefaultSelectionStyle, DefaultTextStyle, MediaQuery])
Found Add Icons: 0
Found Save texts: 1
  - Text("Save", dependencies: [DefaultSelectionStyle, DefaultTextStyle, MediaQuery])
00:02 +1: All tests passed!
